░░░░░░░░░░░░░░░░░░░░░░░░░░░░░░░░░░░░░░░░░░░░░░░░░░░░░░░░░░░░░░░░░░░░░░░░░░░░░░░░
░▒▓██████████████████████████████████████████████████████████████████████████▓▒░
░▓                                                                            ▓░
░▓   ████████ ████████ ███████  ██     ██ ██ ██    ██  ██████  ██             ▓░
░▓      ██    ██       ██   ██  ███   ███ ██ ███   ██ ██    ██ ██             ▓░
░▓      ██    ██████   ███████  ██ █ █ ██ ██ ██ █  ██ ████████ ██             ▓░
░▓      ██    ██       ██  ██   ██  █  ██ ██ ██  █ ██ ██    ██ ██             ▓░
░▓      ██    ████████ ██   ██  ██     ██ ██ ██   ███ ██    ██ ████████       ▓░
░▓                                                                            ▓░
░▓  ░░░░░░░░░░░░░░░░░░░░░░░░░░░░░░░░░░░░░░░░░░░░░░░░░░░░░░░░░░░░░░░░░░░░░░░░  ▓░
░▓  ░▒▒▒▒▒▒▒▒▒▒▒▒▒▒▒▒▒▒▒▒▒▒▒▒▒▒▒▒▒▒▒▒▒▒▒▒▒▒▒▒▒▒▒▒▒▒▒▒▒▒▒▒▒▒▒▒▒▒▒▒▒▒▒▒▒▒▒▒▒▒░  ▓░
░▓  ░▒                ██    ██ ██ ██████  ████████  ██████                ▒░  ▓░
░▓  ░▒                ██    ██ ██ ██   ██ ██       ██                     ▒░  ▓░
░▓  ░▒                 ██  ██  ██ ██████  █████     █████                 ▒░  ▓░
░▓  ░▒                  ████   ██ ██   ██ ██            ██                ▒░  ▓░
░▓  ░▒                   ██    ██ ██████  ████████ ██████                 ▒░  ▓░
░▓  ░▒▒▒▒▒▒▒▒▒▒▒▒▒▒▒▒▒▒▒▒▒▒▒▒▒▒▒▒▒▒▒▒▒▒▒▒▒▒▒▒▒▒▒▒▒▒▒▒▒▒▒▒▒▒▒▒▒▒▒▒▒▒▒▒▒▒▒▒▒▒░  ▓░
░▓  ░░░░░░░░░░░░░░░░░░░░░░░░░░░░░░░░░░░░░░░░░░░░░░░░░░░░░░░░░░░░░░░░░░░░░░░░  ▓░
░▓                                                                            ▓░
░▓    ·── ♪ ♫  real-time audio visualizer for your terminal  ♫ ♪ ──·          ▓░
░▓                                                                            ▓░
░▓          ▄▄▄▄▄▄▄▄▄▄▄▄▄▄▄▄▄▄▄▄▄▄▄▄▄▄▄▄▄▄▄▄▄▄▄▄▄▄▄▄▄▄▄▄▄▄▄▄▄▄▄▄▄▄▄▄          ▓░
░▓          █ macOS 15+  ·  Core Audio  ·  ratatui  ·  10 modes    █          ▓░
░▓          █ beat detect ·  60 fps  ·  braille + halfblock art    █          ▓░
░▓          ▀▀▀▀▀▀▀▀▀▀▀▀▀▀▀▀▀▀▀▀▀▀▀▀▀▀▀▀▀▀▀▀▀▀▀▀▀▀▀▀▀▀▀▀▀▀▀▀▀▀▀▀▀▀▀▀          ▓░
░▓                                                                            ▓░
░▓     sysop: joelmgallant       ░▒▓█▓▒░       est. 2026  ·  rust lang        ▓░
░▓                                                                            ▓░
░▒▓██████████████████████████████████████████████████████████████████████████▓▒░
░░░░░░░░░░░░░░░░░░░░░░░░░░░░░░░░░░░░░░░░░░░░░░░░░░░░░░░░░░░░░░░░░░░░░░░░░░░░░░░░
